
> tirionapp-landing@0.1.0 build
> next build

Ôû▓ Next.js 16.1.6 (Turbopack)
- Environments: .env.local

  Creating an optimized production build ...
Ô£ô Compiled successfully in 2.6s
  Running TypeScript ...
  Collecting page data using 11 workers ...
  Generating static pages using 11 workers (0/13) ...
node.exe : ÔÜá metadataBase property in metadata 
export is not set for resolving social open 
graph or twitter images, using 
"http://localhost:3000". See https://nextjs.org/d
ocs/app/api-reference/functions/generate-metadata
#metadatabase
En línea: 1 Carácter: 1
+ & "C:\Program Files\nodejs/node.exe" 
"C:\Program Files\nodejs/node_mo ...
+ ~~~~~~~~~~~~~~~~~~~~~~~~~~~~~~~~~~~~~~~~~~~~~~~
~~~~~~~~~~~~~~~~~~~~~~
    + CategoryInfo          : NotSpecified: (ÔÜá 
    metadataBas...ta#metadatabase:String) [], R  
  emoteException
    + FullyQualifiedErrorId : NativeCommandError
 
Error occurred prerendering page "/". Read more: 
https://nextjs.org/docs/messages/prerender-error
TypeError: a.highlights.map is not a function
    at k (C:\Users\pauor\.gemini\antigravity\scra
tch\tirionapp-landing\.next\server\chunks\ssr\[ro
ot-of-the-server]__f28ce1cb._.js:1:14320) {
  digest: '4229717597'
}
Export encountered an error on 
/(marketing)/page: /, exiting the build.
Ô¿» Next.js build worker exited with code: 1 and 
signal: null
